[www.templatemonster.com/demo/news-portal-responsive-joomla-template-64017.html]
[backblue.gif]
[fade.gif]
[index.html]
[s.tmimgcdn.com/img/logo-touch/favicon-16x160c89.png]
[s.tmimgcdn.com/img/logo-touch/favicon-32x320c89.png]
[s.tmimgcdn.com/img/logo-touch/favicon-96x960c89.png]
[s.tmimgcdn.com/img/logo-touch/android-chrome-360c89.png]
[s.tmimgcdn.com/img/logo-touch/android-chrome-480c89.png]
[s.tmimgcdn.com/img/logo-touch/android-chrome-720c89.png]
[s.tmimgcdn.com/img/logo-touch/android-chrome-960c89.png]
[s.tmimgcdn.com/img/logo-touch/android-chrome-1440c89.png]
[s.tmimgcdn.com/img/logo-touch/android-chrome-1920c89.png]
[s.tmimgcdn.com/img/logo-touch/apple-touch-icon-precomposed0c89.png]
[s.tmimgcdn.com/img/logo-touch/apple-touch-icon-1800c89.png]
[s.tmimgcdn.com/img/logo-touch/apple-touch-icon-1520c89.png]
[s.tmimgcdn.com/img/logo-touch/apple-touch-icon-1440c89.png]
[s.tmimgcdn.com/img/logo-touch/apple-touch-icon-1200c89.png]
[s.tmimgcdn.com/img/logo-touch/apple-touch-icon-1140c89.png]
[s.tmimgcdn.com/img/logo-touch/apple-touch-icon-760c89.png]
[s.tmimgcdn.com/img/logo-touch/apple-touch-icon-720c89.png]
[s.tmimgcdn.com/img/logo-touch/apple-touch-icon-600c89.png]
[s.tmimgcdn.com/img/logo-touch/apple-touch-icon-570c89.png]
[s.tmimgcdn.com/css/owl.carousel9b5b.css]
[s.tmimgcdn.com/css/standalone/livedemo9b5b.css]
[s.tmimgcdn.com/css/owl.theme9b5b.css]
[s.tmimgcdn.com/js/tm/frontend/indclude-js.minff95.js]
[s.tmimgcdn.com/js/plasma-pocket-react/monsterBundleff95.js]
[s.tmimgcdn.com/css/svg-icons9b5b.css]
[www.templatemonster.com/demo/chat_presales=1; expires=03 Jul 2036 21_44_38 GMT; domain=.templatemonster.com; path=/index.html]
[www.templatemonster.com/demo/callback_notice=closed; expires=03 Jul 2036 21_44_38 GMT; domain=.templatemonster.com; path=/index.html]
[assets.pinterest.com/js/pinit.js]
[www.templatemonster.com/demo/news-portal-responsive-joomla-template-64017.html]
[www.googletagmanager.com/gtm5445.html]
[www.templatemonster.com/js/config.js]
[s.tmimgcdn.com/img/segmentation-popup/window.png]
[s.tmimgcdn.com/img/segmentation-popup/pen.png]
[s.tmimgcdn.com/img/segmentation-popup/bag.png]
[s.tmimgcdn.com/img/segmentation-popup/gear.png]
[s.tmimgcdn.com/img/segmentation-popup/triangles.png]
[s.tmimgcdn.com/img/segmentation-popup/check.png]
[s.tmimgcdn.com/css/standalone/livedemo9b5b.css]
[s.tmimgcdn.com/css/owl.carousel9b5b.css]
[s.tmimgcdn.com/img/small-spinner.gif]
[s.tmimgcdn.com/css/owl.theme9b5b.css]
[s.tmimgcdn.com/js/tm/frontend/indclude-js.minff95.js]
[www.templatemonster.com/demo/chat_presales=1; expires=03 Jul 2036 21_44_38 GMT; domain=.templatemonster.com; path=/index.html]
[www.templatemonster.com/demo/callback_notice=closed; expires=03 Jul 2036 21_44_38 GMT; domain=.templatemonster.com; path=/index.html]
[www.templatemonster.com/demo/$&/index.html]
[www.templatemonster.com/demo/ABCDEFGHIJKLMNOPQRSTUVWXYZabcdefghijklmnopqrstuvwxyz0123456789+/index.html]
[www.templatemonster.com/demo/map.js]
[www.templatemonster.com/demo/call_get.js]
[www.templatemonster.com/demo/using.js]
[www.templatemonster.com/demo/timers.js]
[www.templatemonster.com/demo/generators.js]
[www.templatemonster.com/demo/nodeify.js]
[www.templatemonster.com/demo/promisify.js]
[www.templatemonster.com/demo/props.js]
[www.templatemonster.com/demo/race.js]
[www.templatemonster.com/demo/reduce.js]
[www.templatemonster.com/demo/settle.js]
[www.templatemonster.com/demo/some.js]
[www.templatemonster.com/demo/filter.js]
[www.templatemonster.com/demo/each.js]
[www.templatemonster.com/demo/any.js]
[www.templatemonster.com/demo/require]
[s.tmimgcdn.com/js/plasma-pocket-react/monsterBundleff95.js]
[s.tmimgcdn.com/css/svg-icons9b5b.css]
[www.templatemonster.com/js/config.js]
[www.templatemonster.com/demo/@@History/index.html]
[s.tmimgcdn.com/css/font.css]
[s.tmimgcdn.com/css/bootstrap.css]
[www.templatemonster.com/demo/$&/index.html]
[www.templatemonster.com/demo/map.html]
[www.templatemonster.com/demo/call_get.html]
[www.templatemonster.com/demo/using.html]
[www.templatemonster.com/demo/timers.html]
[www.templatemonster.com/demo/generators.html]
[www.templatemonster.com/demo/nodeify.html]
[www.templatemonster.com/demo/promisify.html]
[www.templatemonster.com/demo/props.html]
[www.templatemonster.com/demo/race.html]
[www.templatemonster.com/demo/reduce.html]
[www.templatemonster.com/demo/settle.html]
[www.templatemonster.com/demo/some.html]
[www.templatemonster.com/demo/filter.html]
[www.templatemonster.com/demo/each.html]
[www.templatemonster.com/demo/any.html]
[www.templatemonster.com/demo/require.html]
[www.templatemonster.com/demo/@@History/index.html]
[s.tmimgcdn.com/css/font.css]
[s.tmimgcdn.com/css/bootstrap.css]
[www.templatemonster.com/demo/chat_presales=1; expires=03 Jul 2036 21_44_38 GMT; domain=.templatemonster.com; path=/index.html]
[www.templatemonster.com/demo/chat_presales=1; expires=03 Jul 2036 21_44_38 GMT; domain=.templatemonster.com; path=/index.html]
[www.templatemonster.com/demo/callback_notice=closed; expires=03 Jul 2036 21_44_38 GMT; domain=.templatemonster.com; path=/index.html]
[www.templatemonster.com/demo/callback_notice=closed; expires=03 Jul 2036 21_44_38 GMT; domain=.templatemonster.com; path=/index.html]
[www.templatemonster.com/demo/ABCDEFGHIJKLMNOPQRSTUVWXYZabcdefghijklmnopqrstuvwxyz0123456789+/index.html]
[www.templatemonster.com/demo/ABCDEFGHIJKLMNOPQRSTUVWXYZabcdefghijklmnopqrstuvwxyz0123456789+/index.html]
[www.templatemonster.com/demo/ABCDEFGHIJKLMNOPQRSTUVWXYZabcdefghijklmnopqrstuvwxyz0123456789+/index.html]
